<html>
<body>
<pre>
<h1>µVision Build Log</h1>
<h2>Project:</h2>
C:\Users\Isaac\workspace_v6_1\Lab3\ECE473lab3.uvproj
Project File Date:  02/19/2016

<h2>Output:</h2>
Rebuild target 'ECE473Lab3'
assembling startup.s...
compiling ECE473lab3.c...
ECE473lab3.c(54): warning:  #1295-D: Deprecated declaration listener - give arg types
  char listener();
ECE473lab3.c(158): warning:  #1035-D: single-precision operand implicitly converted to double-precision
                uint32_t TempF =  1.8 * TempC + 32.0;
ECE473lab3.c: 2 warnings, 0 errors
compiling gpio.c...
compiling sysctl.c...
compiling uart.c...
compiling adc.c...
compiling interrupt.c...
compiling cpu.c...
compiling uartstdio.c...
linking...
Program Size: Code=4868 RO-data=500 RW-data=12 ZI-data=1028  
".\EE383lab4.axf" - 0 Error(s), 2 Warning(s).
Connecting: Mode=JTAG, Speed=1000000Hz
Full Chip Erase Done.
Load "C:\\Users\\Isaac\\workspace_v6_1\\Lab3\\EE383lab4.axf" 
Connecting: Mode=JTAG, Speed=1000000Hz
Erase Done.
Programming Done.
Verify OK.
gramming Done.
Verify OK.
