<html>
<body>
<pre>
<h1>µVision Build Log</h1>
<h2>Project:</h2>
C:\Users\Robert\Desktop\ECE 473\ece473lab3starter\ECE473lab3.uvproj
Project File Date:  02/19/2016

<h2>Output:</h2>
Rebuild target 'ECE473Lab3'
assembling startup.s...
compiling ECE473lab3.c...
ECE473lab3.c(165): warning:  #1035-D: single-precision operand implicitly converted to double-precision
                uint32_t TempF=(1.8)*TempC+32.0;
ECE473lab3.c: 1 warning, 0 errors
compiling gpio.c...
compiling sysctl.c...
compiling uart.c...
compiling adc.c...
compiling interrupt.c...
compiling cpu.c...
compiling uartstdio.c...
linking...
Program Size: Code=4868 RO-data=500 RW-data=12 ZI-data=1028  
".\EE383lab4.axf" - 0 Error(s), 1 Warning(s).
Load "C:\\Users\\Robert\\Desktop\\ECE 473\\ece473lab3starter\\EE383lab4.axf" 
Connecting: Mode=JTAG, Speed=1000000Hz
Erase Done.
Programming Done.
Verify OK.
</pre>
</body>
</html>
JTAG, Speed=1000000Hz
Full Chip Erase Done.
Done.
